out 0 00000000000000000000000001111000 00000078 120
