out 0 00000000000000000000000001111011 0000007b 123
out 1 00000000000000000000100010101110 000008ae 2222
out 2 00000000000000000000001111100111 000003e7 999
out 3 00000000000000000000000000000011 00000003 3
out 4 00000000000000000000000000000111 00000007 7
out 5 00000000000000000000000000001100 0000000c 12
out 6 00000000000000000000000000010010 00000012 18
out 7 00000000000000000000000000010010 00000012 18
