out 0 00000000000000000000000000011010 0000001a 26
