out 0 00000000000000000000000111010001 000001d1 465
out 1 00000000000000000000000000000000 00000000 0
out 2 00000000000000000000000000000000 00000000 0
out 3 11111111111111111110100010001111 ffffe88f 4294961295
out 4 00000000000000000000000000000001 00000001 1
out 5 00000000000000000000000000000000 00000000 0
out 6 00000000000000000000000000000010 00000002 2
out 7 00000000000000000000000000000000 00000000 0
out 8 11111111111111111111111111111111 ffffffff 4294967295
out 9 00000000000000000000000000000000 00000000 0
out 10 00000000000000000000000000000000 00000000 0
out 11 00000000000000000000000000000000 00000000 0
out 12 00000000000000000000000000010010 00000012 18
out 13 00000000000000000000000000001000 00000008 8
out 14 00000000000000000000000000000010 00000002 2
out 15 00000000000000000000000011011111 000000df 223
