out 0 00000000000000000000000001111011 0000007b 123
out 1 00000000000000000000000000101100 0000002c 44
out 2 00000000000000000000000000110111 00000037 55
out 3 00000000000000000000000001111011 0000007b 123
out 4 00000000000000000000001100010101 00000315 789
out 5 00000000000000000000000000110010 00000032 50
out 6 00000000000000000000000001000100 00000044 68
out 7 00000000000000000000000000110010 00000032 50
out 8 00000000000000000000000000111100 0000003c 60
out 9 00000000000000001101111010101101 0000dead 57005
out 10 00000000000000001011111011101111 0000beef 48879
out 11 00000000000000001101111010101101 0000dead 57005
out 12 00000000000000001011111011101111 0000beef 48879
out 13 00000000000000000001000100010001 00001111 4369
out 14 00000000000000000010001000100010 00002222 8738
out 15 00000000000000000000000000001111 0000000f 15
out 16 00000000000000000000000000010101 00000015 21
