out 0 10101011110011011110000000000000 abcde000 2882396160
out 1 10101011110011011110001100100001 abcde321 2882396961
out 2 00000000000100010001000010100000 001110a0 1118368
out 3 10101011110011011110001100100001 abcde321 2882396961
out 4 10101011110011011110111111111111 abcdefff 2882400255
out 5 10101011110011011110000000000000 abcde000 2882396160
out 6 00000000000000000000000000001010 0000000a 10
out 7 11111111111111111111111111110110 fffffff6 4294967286
